2026-09-21 14:45:00,574 : INFO : root : Loading config.
2026-09-21 14:45:00,649 : INFO : ConfigProcessor : Config spec file cache created: C:\Users\GamingPC\AppData\Local\Temp\config_spec.mpf_cache
2026-09-21 14:45:00,650 : INFO : YamlMultifileConfigLoader : Machine config file #1: config.yaml
2026-09-21 14:45:00,650 : INFO : ConfigProcessor : Loading config from cache: C:\Users\GamingPC\AppData\Local\Temp\11425650fd1c9b7f746fb9afb9324ebf.mpf_cache
2026-09-21 14:45:00,690 : WARNING : ConfigProcessor : Config file in cache changed: C:\Users\GamingPC\Documents\Home-Alone-Pinball\modes\attract\config\attract.yaml
2026-09-21 14:45:00,690 : INFO : ConfigProcessor : Loading config from file C:\Users\GamingPC\mpf\Lib\site-packages\mpf\modes\attract\config\attract.yaml.
2026-09-21 14:45:00,691 : INFO : ConfigProcessor : Loading config: C:\Users\GamingPC\mpf\Lib\site-packages\mpf\modes\attract\config\attract.yaml
2026-09-21 14:45:00,691 : INFO : ConfigProcessor : Loading config from file C:\Users\GamingPC\Documents\Home-Alone-Pinball\modes\attract\config\attract.yaml.
2026-09-21 14:45:00,693 : INFO : ConfigProcessor : Loading config: C:\Users\GamingPC\Documents\Home-Alone-Pinball\modes\attract\config\attract.yaml
2026-09-21 14:45:00,693 : INFO : ConfigProcessor : Config file cache created: C:\Users\GamingPC\AppData\Local\Temp\2b91508161fe18ea05992eb706094b2d.mpf_cache
2026-09-21 14:45:00,693 : INFO : ConfigProcessor : Loading config from cache: C:\Users\GamingPC\AppData\Local\Temp\f9d0a9398642ddfc4313bff44fac1089.mpf_cache
2026-09-21 14:45:00,694 : INFO : ConfigProcessor : Loading config from cache: C:\Users\GamingPC\AppData\Local\Temp\2b91508161fe18ea05992eb706094b2d.mpf_cache
2026-09-21 14:45:00,702 : INFO : ConfigProcessor : Loading config from cache: C:\Users\GamingPC\AppData\Local\Temp\cf4decfeafdfbdfa1f1946839e41c5b8.mpf_cache
2026-09-21 14:45:00,702 : INFO : Machine : Mission Pinball Framework Core Engine v0.81.0.dev4
2026-09-21 14:45:00,702 : INFO : Machine : Command line arguments: {'no_load_cache': False, 'create_config_cache': True, 'bcp': True, 'configfile': ['config.yaml'], 'force_assets_load': False, 'platform_integration_test': False, 'jsonlogging': False, 'logfile': 'logs\\2026-09-21-14-45-00-mpf-DESKTOP-IJ3523D.log', 'pause': False, 'production': False, 'text_ui': False, 'loglevel': 15, 'consoleloglevel': 20, 'force_platform': 'virtual', 'syslog_address': None, 'full_logfile_path': 'C:\\Users\\GamingPC\\Documents\\Home-Alone-Pinball\\logs\\2026-09-21-14-45-00-mpf-DESKTOP-IJ3523D.log'}
2026-09-21 14:45:00,702 : INFO : Machine : MPF path: C:\Users\GamingPC\mpf\Lib\site-packages\mpf
2026-09-21 14:45:00,702 : INFO : Machine : Machine path: C:\Users\GamingPC\Documents\Home-Alone-Pinball
2026-09-21 14:45:00,702 : INFO : Machine : Platform: win32
2026-09-21 14:45:00,703 : INFO : Machine : Python executable location: C:\Users\GamingPC\mpf\Scripts\python.exe
2026-09-21 14:45:00,703 : INFO : Machine : Python version: 3.14.7 (64-bit)
2026-09-21 14:45:00,747 : INFO : EventManager : Event: ======'machine_var_credits_string'====== Args={'value': 'FREE PLAY', 'prev_value': None, 'change': True}
2026-09-21 14:45:00,756 : INFO : EventManager : Event: ======'machine_var_master_volume'====== Args={'value': 0.5, 'prev_value': None, 'change': True}
2026-09-21 14:45:00,757 : INFO : EventManager : Event: ======'machine_var_mpf_version'====== Args={'value': 'Mission Pinball Framework v0.81.0.dev4', 'prev_value': None, 'change': True}
2026-09-21 14:45:00,757 : INFO : EventManager : Event: ======'machine_var_mpf_extended_version'====== Args={'value': 'Mission Pinball Framework v0.81.0.dev4, Config version:6, Show version: 6, BCP version:1.1', 'prev_value': None, 'change': True}
2026-09-21 14:45:00,757 : INFO : EventManager : Event: ======'machine_var_python_version'====== Args={'value': '3.14.7', 'prev_value': None, 'change': True}
2026-09-21 14:45:00,788 : INFO : EventManager : Event: ======'machine_var_platform'====== Args={'value': 'Windows-11-10.0.26200-SP0', 'prev_value': None, 'change': True}
2026-09-21 14:45:00,788 : INFO : EventManager : Event: ======'machine_var_platform_system'====== Args={'value': 'Windows', 'prev_value': None, 'change': True}
2026-09-21 14:45:00,788 : INFO : EventManager : Event: ======'machine_var_platform_release'====== Args={'value': '11', 'prev_value': None, 'change': True}
2026-09-21 14:45:00,788 : INFO : EventManager : Event: ======'machine_var_platform_version'====== Args={'value': '10.0.26200', 'prev_value': None, 'change': True}
2026-09-21 14:45:00,788 : INFO : EventManager : Event: ======'machine_var_platform_machine'====== Args={'value': 'AMD64', 'prev_value': None, 'change': True}
2026-09-21 14:45:00,788 : INFO : EventManager : Event: ======'machine_var_log_file_path'====== Args={'value': 'C:\\Users\\GamingPC\\Documents\\Home-Alone-Pinball\\logs\\2026-09-21-14-45-00-mpf-DESKTOP-IJ3523D.log', 'prev_value': None, 'change': True}
2026-09-21 14:45:00,788 : INFO : EventManager : Event: ======'init_phase_1'====== Args={}
2026-09-21 14:45:00,795 : INFO : EventManager : Event: ======'init_phase_2'====== Args={}
2026-09-21 14:45:00,795 : INFO : EventManager : Event: ======'bcp_connection_attempt'====== Args={'name': 'local_display', 'host': 'localhost', 'port': 5050}
2026-09-21 14:45:00,801 : INFO : EventManager : Event: ======'bcp_clients_connected'====== Args={}
2026-09-21 14:45:00,803 : INFO : EventManager : Event: ======'init_phase_3'====== Args={}
2026-09-21 14:45:00,803 : INFO : EventManager : Event: ======'init_phase_4'====== Args={}
2026-09-21 14:45:00,804 : INFO : BallController : Initial balls found: 0
2026-09-21 14:45:00,804 : INFO : EventManager : Event: ======'machine_var_audits_switches_s_plunger_lane'====== Args={'value': 0, 'prev_value': None, 'change': True}
2026-09-21 14:45:00,804 : INFO : EventManager : Event: ======'machine_var_audits_switches_s_trough_1'====== Args={'value': 0, 'prev_value': None, 'change': True}
2026-09-21 14:45:00,804 : INFO : EventManager : Event: ======'machine_var_audits_switches_s_trough_2'====== Args={'value': 0, 'prev_value': None, 'change': True}
2026-09-21 14:45:00,804 : INFO : EventManager : Event: ======'machine_var_audits_switches_s_trough_3'====== Args={'value': 0, 'prev_value': None, 'change': True}
2026-09-21 14:45:00,804 : INFO : EventManager : Event: ======'machine_var_audits_switches_s_flipper_left'====== Args={'value': 0, 'prev_value': None, 'change': True}
2026-09-21 14:45:00,804 : INFO : EventManager : Event: ======'machine_var_audits_switches_s_flipper_right'====== Args={'value': 0, 'prev_value': None, 'change': True}
2026-09-21 14:45:00,804 : INFO : EventManager : Event: ======'machine_var_audits_events_game_started'====== Args={'value': 0, 'prev_value': None, 'change': True}
2026-09-21 14:45:00,804 : INFO : EventManager : Event: ======'machine_var_audits_events_game_ended'====== Args={'value': 0, 'prev_value': None, 'change': True}
2026-09-21 14:45:00,804 : INFO : EventManager : Event: ======'machine_var_audits_player_score'====== Args={'value': {'top': [], 'average': 0, 'total': 0}, 'prev_value': None, 'change': True}
2026-09-21 14:45:00,804 : INFO : EventManager : Event: ======'init_phase_5'====== Args={}
2026-09-21 14:45:00,804 : INFO : EventManager : Event: ======'init_done'====== Args={}
2026-09-21 14:45:00,804 : INFO : EventManager : Event: ======'machine_reset_phase_1'====== Args={}
2026-09-21 14:45:00,809 : INFO : EventManager : Event: ======'machine_reset_phase_2'====== Args={}
2026-09-21 14:45:00,809 : INFO : EventManager : Event: ======'machine_reset_phase_3'====== Args={}
2026-09-21 14:45:00,809 : INFO : EventManager : Event: ======'reset_complete'====== Args={}
2026-09-21 14:45:00,809 : INFO : EventManager : Event: ======'mode_attract_will_start'====== Args={}
2026-09-21 14:45:00,809 : INFO : EventManager : Event: ======'timer_attract_carousel_timer_started'====== Args={'ticks': 0, 'ticks_remaining': 1}
2026-09-21 14:45:00,809 : INFO : EventManager : Event: ======'timer_attract_carousel_timer_tick'====== Args={'ticks': 0, 'ticks_remaining': 1}
2026-09-21 14:45:00,809 : INFO : EventManager : Event: ======'mode_attract_starting'====== Args={}
2026-09-21 14:45:00,809 : INFO : EventManager : Event: ======'modes_active_modes_changed'====== Args={}
2026-09-21 14:45:00,809 : INFO : EventManager : Event: ======'mode_attract_started'====== Args={}
2026-09-21 14:45:00,809 : INFO : EventManager : Event: ======'collecting_balls_complete'====== Args={}
2026-09-21 14:45:00,809 : INFO : EventManager : Event: ======'carousel_item_highlighted'====== Args={'carousel': 'attract', 'direction': None, 'item': 'attract_slide_1'}
2026-09-21 14:45:00,809 : INFO : EventManager : Event: ======'timer_attract_carousel_timer_tick'====== Args={'ticks': 0, 'ticks_remaining': 1}
2026-09-21 14:45:00,891 : INFO : EventManager : Event: ======'slide_attract_created'====== Args={'_from_bcp': True}
2026-09-21 14:45:00,891 : INFO : EventManager : Event: ======'slide__removed'====== Args={'_from_bcp': True}
2026-09-21 14:45:00,891 : INFO : EventManager : Event: ======'slide_attract_active'====== Args={'original_context': 'attract', 'original_calling_context': 'mode_attract_started', 'priority': 10.0, 'cmd': 'slides_play', '_from_bcp': True}
2026-09-21 14:45:08,824 : INFO : EventManager : Event: ======'timer_attract_carousel_timer_stopped'====== Args={'ticks': 1, 'ticks_remaining': 1}
2026-09-21 14:45:08,824 : INFO : EventManager : Event: ======'timer_attract_carousel_timer_complete'====== Args={'ticks': 1, 'ticks_remaining': 1}
2026-09-21 14:45:08,824 : INFO : EventManager : Event: ======'attract_auto_next'====== Args={'priority': 0}
2026-09-21 14:45:08,824 : INFO : EventManager : Event: ======'carousel_item_highlighted'====== Args={'carousel': 'attract', 'direction': 'forwards', 'item': 'attract_slide_2'}
2026-09-21 14:45:08,825 : INFO : EventManager : Event: ======'timer_attract_carousel_timer_started'====== Args={'ticks': 0, 'ticks_remaining': 1}
2026-09-21 14:45:08,825 : INFO : EventManager : Event: ======'timer_attract_carousel_timer_tick'====== Args={'ticks': 0, 'ticks_remaining': 1}
2026-09-21 14:45:16,827 : INFO : EventManager : Event: ======'timer_attract_carousel_timer_stopped'====== Args={'ticks': 1, 'ticks_remaining': 1}
2026-09-21 14:45:16,827 : INFO : EventManager : Event: ======'timer_attract_carousel_timer_complete'====== Args={'ticks': 1, 'ticks_remaining': 1}
2026-09-21 14:45:16,827 : INFO : EventManager : Event: ======'attract_auto_next'====== Args={'priority': 0}
2026-09-21 14:45:16,827 : INFO : EventManager : Event: ======'carousel_item_highlighted'====== Args={'carousel': 'attract', 'direction': 'forwards', 'item': 'attract_slide_1'}
2026-09-21 14:45:16,828 : INFO : EventManager : Event: ======'timer_attract_carousel_timer_started'====== Args={'ticks': 0, 'ticks_remaining': 1}
2026-09-21 14:45:16,828 : INFO : EventManager : Event: ======'timer_attract_carousel_timer_tick'====== Args={'ticks': 0, 'ticks_remaining': 1}
2026-09-21 14:45:24,835 : INFO : EventManager : Event: ======'timer_attract_carousel_timer_stopped'====== Args={'ticks': 1, 'ticks_remaining': 1}
2026-09-21 14:45:24,835 : INFO : EventManager : Event: ======'timer_attract_carousel_timer_complete'====== Args={'ticks': 1, 'ticks_remaining': 1}
2026-09-21 14:45:24,835 : INFO : EventManager : Event: ======'attract_auto_next'====== Args={'priority': 0}
2026-09-21 14:45:24,836 : INFO : EventManager : Event: ======'carousel_item_highlighted'====== Args={'carousel': 'attract', 'direction': 'forwards', 'item': 'attract_slide_2'}
2026-09-21 14:45:24,836 : INFO : EventManager : Event: ======'timer_attract_carousel_timer_started'====== Args={'ticks': 0, 'ticks_remaining': 1}
2026-09-21 14:45:24,836 : INFO : EventManager : Event: ======'timer_attract_carousel_timer_tick'====== Args={'ticks': 0, 'ticks_remaining': 1}
