2026-09-20 11:20:47,645 : INFO : root : Loading config.
2026-09-20 11:20:47,720 : INFO : ConfigProcessor : Config spec file cache created: C:\Users\GamingPC\AppData\Local\Temp\config_spec.mpf_cache
2026-09-20 11:20:47,721 : INFO : YamlMultifileConfigLoader : Machine config file #1: config.yaml
2026-09-20 11:20:47,721 : INFO : ConfigProcessor : Loading config from cache: C:\Users\GamingPC\AppData\Local\Temp\11425650fd1c9b7f746fb9afb9324ebf.mpf_cache
2026-09-20 11:20:47,758 : INFO : ConfigProcessor : Loading config from cache: C:\Users\GamingPC\AppData\Local\Temp\2b91508161fe18ea05992eb706094b2d.mpf_cache
2026-09-20 11:20:47,759 : INFO : ConfigProcessor : Loading config from cache: C:\Users\GamingPC\AppData\Local\Temp\f9d0a9398642ddfc4313bff44fac1089.mpf_cache
2026-09-20 11:20:47,759 : INFO : ConfigProcessor : Loading config from cache: C:\Users\GamingPC\AppData\Local\Temp\2b91508161fe18ea05992eb706094b2d.mpf_cache
2026-09-20 11:20:47,759 : INFO : ConfigProcessor : Loading config from cache: C:\Users\GamingPC\AppData\Local\Temp\cf4decfeafdfbdfa1f1946839e41c5b8.mpf_cache
2026-09-20 11:20:47,760 : INFO : Machine : Mission Pinball Framework Core Engine v0.81.0.dev4
2026-09-20 11:20:47,760 : INFO : Machine : Command line arguments: {'no_load_cache': False, 'create_config_cache': True, 'bcp': True, 'configfile': ['config.yaml'], 'force_assets_load': False, 'platform_integration_test': False, 'jsonlogging': False, 'logfile': 'logs\\2026-09-20-11-20-47-mpf-DESKTOP-IJ3523D.log', 'pause': False, 'production': False, 'text_ui': False, 'loglevel': 15, 'consoleloglevel': 20, 'force_platform': 'virtual', 'syslog_address': None, 'full_logfile_path': 'C:\\Users\\GamingPC\\Documents\\Home-Alone-Pinball\\logs\\2026-09-20-11-20-47-mpf-DESKTOP-IJ3523D.log'}
2026-09-20 11:20:47,760 : INFO : Machine : MPF path: C:\Users\GamingPC\mpf\Lib\site-packages\mpf
2026-09-20 11:20:47,760 : INFO : Machine : Machine path: C:\Users\GamingPC\Documents\Home-Alone-Pinball
2026-09-20 11:20:47,760 : INFO : Machine : Platform: win32
2026-09-20 11:20:47,760 : INFO : Machine : Python executable location: C:\Users\GamingPC\mpf\Scripts\python.exe
2026-09-20 11:20:47,760 : INFO : Machine : Python version: 3.14.7 (64-bit)
2026-09-20 11:20:47,801 : INFO : EventManager : Event: ======'machine_var_credits_string'====== Args={'value': 'FREE PLAY', 'prev_value': None, 'change': True}
2026-09-20 11:20:47,809 : INFO : EventManager : Event: ======'machine_var_master_volume'====== Args={'value': 0.5, 'prev_value': None, 'change': True}
2026-09-20 11:20:47,809 : INFO : EventManager : Event: ======'machine_var_mpf_version'====== Args={'value': 'Mission Pinball Framework v0.81.0.dev4', 'prev_value': None, 'change': True}
2026-09-20 11:20:47,809 : INFO : EventManager : Event: ======'machine_var_mpf_extended_version'====== Args={'value': 'Mission Pinball Framework v0.81.0.dev4, Config version:6, Show version: 6, BCP version:1.1', 'prev_value': None, 'change': True}
2026-09-20 11:20:47,810 : INFO : EventManager : Event: ======'machine_var_python_version'====== Args={'value': '3.14.7', 'prev_value': None, 'change': True}
2026-09-20 11:20:47,837 : INFO : EventManager : Event: ======'machine_var_platform'====== Args={'value': 'Windows-11-10.0.26200-SP0', 'prev_value': None, 'change': True}
2026-09-20 11:20:47,837 : INFO : EventManager : Event: ======'machine_var_platform_system'====== Args={'value': 'Windows', 'prev_value': None, 'change': True}
2026-09-20 11:20:47,837 : INFO : EventManager : Event: ======'machine_var_platform_release'====== Args={'value': '11', 'prev_value': None, 'change': True}
2026-09-20 11:20:47,837 : INFO : EventManager : Event: ======'machine_var_platform_version'====== Args={'value': '10.0.26200', 'prev_value': None, 'change': True}
2026-09-20 11:20:47,837 : INFO : EventManager : Event: ======'machine_var_platform_machine'====== Args={'value': 'AMD64', 'prev_value': None, 'change': True}
2026-09-20 11:20:47,837 : INFO : EventManager : Event: ======'machine_var_log_file_path'====== Args={'value': 'C:\\Users\\GamingPC\\Documents\\Home-Alone-Pinball\\logs\\2026-09-20-11-20-47-mpf-DESKTOP-IJ3523D.log', 'prev_value': None, 'change': True}
2026-09-20 11:20:47,837 : INFO : EventManager : Event: ======'init_phase_1'====== Args={}
2026-09-20 11:20:47,842 : INFO : EventManager : Event: ======'init_phase_2'====== Args={}
2026-09-20 11:20:47,842 : INFO : EventManager : Event: ======'bcp_connection_attempt'====== Args={'name': 'local_display', 'host': 'localhost', 'port': 5050}
2026-09-20 11:20:59,249 : INFO : EventManager : Event: ======'bcp_clients_connected'====== Args={}
2026-09-20 11:20:59,252 : INFO : EventManager : Event: ======'init_phase_3'====== Args={}
2026-09-20 11:20:59,253 : INFO : EventManager : Event: ======'init_phase_4'====== Args={}
2026-09-20 11:20:59,253 : INFO : EventManager : Event: ======'machine_var_audits_events_game_ended'====== Args={'value': 0, 'prev_value': None, 'change': True}
2026-09-20 11:20:59,253 : INFO : EventManager : Event: ======'machine_var_audits_events_game_started'====== Args={'value': 0, 'prev_value': None, 'change': True}
2026-09-20 11:20:59,253 : INFO : EventManager : Event: ======'machine_var_audits_player_score'====== Args={'value': {'top': [], 'average': 0, 'total': 0}, 'prev_value': None, 'change': True}
2026-09-20 11:20:59,253 : INFO : EventManager : Event: ======'init_phase_5'====== Args={}
2026-09-20 11:20:59,253 : INFO : EventManager : Event: ======'init_done'====== Args={}
2026-09-20 11:20:59,253 : INFO : EventManager : Event: ======'machine_reset_phase_1'====== Args={}
2026-09-20 11:20:59,259 : INFO : EventManager : Event: ======'machine_reset_phase_2'====== Args={}
2026-09-20 11:20:59,259 : INFO : EventManager : Event: ======'machine_reset_phase_3'====== Args={}
2026-09-20 11:20:59,259 : INFO : EventManager : Event: ======'reset_complete'====== Args={}
2026-09-20 11:20:59,260 : INFO : EventManager : Event: ======'mode_attract_will_start'====== Args={}
2026-09-20 11:20:59,260 : INFO : EventManager : Event: ======'mode_attract_starting'====== Args={}
2026-09-20 11:20:59,260 : INFO : EventManager : Event: ======'modes_active_modes_changed'====== Args={}
2026-09-20 11:20:59,260 : INFO : EventManager : Event: ======'mode_attract_started'====== Args={}
2026-09-20 11:20:59,260 : INFO : EventManager : Event: ======'collecting_balls_complete'====== Args={}
2026-09-20 11:20:59,302 : INFO : EventManager : Event: ======'slide_attract_created'====== Args={'_from_bcp': True}
2026-09-20 11:20:59,302 : INFO : EventManager : Event: ======'slide__removed'====== Args={'_from_bcp': True}
2026-09-20 11:20:59,302 : INFO : EventManager : Event: ======'slide_attract_active'====== Args={'original_context': 'attract', 'original_calling_context': 'mode_attract_started', 'priority': 10.0, 'cmd': 'slides_play', '_from_bcp': True}
2026-09-20 11:25:12,313 : INFO : Machine : Shutting down...
2026-09-20 11:25:12,313 : INFO : EventManager : Event: ======'shutdown'====== Args={}
2026-09-20 11:25:12,314 : INFO : root : MPF run loop ended.
