2026-09-20 09:37:25,555 : INFO : root : Loading config.
2026-09-20 09:37:25,638 : INFO : ConfigProcessor : Config spec file cache created: C:\Users\GamingPC\AppData\Local\Temp\config_spec.mpf_cache
2026-09-20 09:37:25,638 : INFO : YamlMultifileConfigLoader : Machine config file #1: config.yaml
2026-09-20 09:37:25,639 : WARNING : ConfigProcessor : Config file in cache changed: C:\Users\GamingPC\mpf\Lib\site-packages\mpf\mpfconfig.yaml
2026-09-20 09:37:25,639 : INFO : ConfigProcessor : Loading config from file C:\Users\GamingPC\mpf\Lib\site-packages\mpf\mpfconfig.yaml.
2026-09-20 09:37:25,662 : INFO : ConfigProcessor : Loading config: C:\Users\GamingPC\mpf\Lib\site-packages\mpf\mpfconfig.yaml
2026-09-20 09:37:25,662 : INFO : ConfigProcessor : Loading config from file C:\Users\GamingPC\Documents\Home-Alone-Pinball\config\config.yaml.
2026-09-20 09:37:25,667 : INFO : ConfigProcessor : Loading config: C:\Users\GamingPC\Documents\Home-Alone-Pinball\config\config.yaml
2026-09-20 09:37:25,668 : INFO : ConfigProcessor : Config file cache created: C:\Users\GamingPC\AppData\Local\Temp\11425650fd1c9b7f746fb9afb9324ebf.mpf_cache
2026-09-20 09:37:25,706 : WARNING : ConfigProcessor : Config file in cache changed: C:\Users\GamingPC\mpf\Lib\site-packages\mpf\modes\attract\config\attract.yaml
2026-09-20 09:37:25,707 : INFO : ConfigProcessor : Loading config from file C:\Users\GamingPC\mpf\Lib\site-packages\mpf\modes\attract\config\attract.yaml.
2026-09-20 09:37:25,711 : INFO : ConfigProcessor : Loading config: C:\Users\GamingPC\mpf\Lib\site-packages\mpf\modes\attract\config\attract.yaml
2026-09-20 09:37:25,711 : INFO : ConfigProcessor : Loading config from file C:\Users\GamingPC\Documents\Home-Alone-Pinball\modes\attract\config\attract.yaml.
2026-09-20 09:37:25,714 : INFO : ConfigProcessor : Loading config: C:\Users\GamingPC\Documents\Home-Alone-Pinball\modes\attract\config\attract.yaml
2026-09-20 09:37:25,714 : INFO : ConfigProcessor : Config file cache created: C:\Users\GamingPC\AppData\Local\Temp\2b91508161fe18ea05992eb706094b2d.mpf_cache
2026-09-20 09:37:25,715 : WARNING : ConfigProcessor : Config file in cache changed: C:\Users\GamingPC\mpf\Lib\site-packages\mpf\modes\game\config\game.yaml
2026-09-20 09:37:25,715 : INFO : ConfigProcessor : Loading config from file C:\Users\GamingPC\mpf\Lib\site-packages\mpf\modes\game\config\game.yaml.
2026-09-20 09:37:25,718 : INFO : ConfigProcessor : Loading config: C:\Users\GamingPC\mpf\Lib\site-packages\mpf\modes\game\config\game.yaml
2026-09-20 09:37:25,718 : INFO : ConfigProcessor : Config file cache created: C:\Users\GamingPC\AppData\Local\Temp\f9d0a9398642ddfc4313bff44fac1089.mpf_cache
2026-09-20 09:37:25,719 : INFO : ConfigProcessor : Loading config from cache: C:\Users\GamingPC\AppData\Local\Temp\2b91508161fe18ea05992eb706094b2d.mpf_cache
2026-09-20 09:37:25,725 : WARNING : ConfigProcessor : Config file in cache changed: C:\Users\GamingPC\Documents\Home-Alone-Pinball\modes\base\config\base.yaml
2026-09-20 09:37:25,725 : INFO : ConfigProcessor : Loading config from file C:\Users\GamingPC\Documents\Home-Alone-Pinball\modes\base\config\base.yaml.
2026-09-20 09:37:25,728 : INFO : ConfigProcessor : Loading config: C:\Users\GamingPC\Documents\Home-Alone-Pinball\modes\base\config\base.yaml
2026-09-20 09:37:25,729 : INFO : ConfigProcessor : Config file cache created: C:\Users\GamingPC\AppData\Local\Temp\cf4decfeafdfbdfa1f1946839e41c5b8.mpf_cache
2026-09-20 09:37:25,729 : INFO : Machine : Mission Pinball Framework Core Engine v0.81.0.dev4
2026-09-20 09:37:25,729 : INFO : Machine : Command line arguments: {'no_load_cache': False, 'create_config_cache': True, 'bcp': False, 'configfile': ['config.yaml'], 'force_assets_load': False, 'platform_integration_test': False, 'jsonlogging': False, 'logfile': 'logs\\2026-09-20-09-37-25-mpf-DESKTOP-IJ3523D.log', 'pause': False, 'production': False, 'text_ui': False, 'loglevel': 15, 'consoleloglevel': 20, 'force_platform': 'virtual', 'syslog_address': None, 'full_logfile_path': 'C:\\Users\\GamingPC\\Documents\\Home-Alone-Pinball\\logs\\2026-09-20-09-37-25-mpf-DESKTOP-IJ3523D.log'}
2026-09-20 09:37:25,729 : INFO : Machine : MPF path: C:\Users\GamingPC\mpf\Lib\site-packages\mpf
2026-09-20 09:37:25,729 : INFO : Machine : Machine path: C:\Users\GamingPC\Documents\Home-Alone-Pinball
2026-09-20 09:37:25,729 : INFO : Machine : Platform: win32
2026-09-20 09:37:25,729 : INFO : Machine : Python executable location: C:\Users\GamingPC\mpf\Scripts\python.exe
2026-09-20 09:37:25,729 : INFO : Machine : Python version: 3.14.7 (64-bit)
2026-09-20 09:37:25,899 : INFO : EventManager : Event: ======'machine_var_credits_string'====== Args={'value': 'FREE PLAY', 'prev_value': None, 'change': True}
2026-09-20 09:37:25,907 : INFO : EventManager : Event: ======'machine_var_master_volume'====== Args={'value': 0.5, 'prev_value': None, 'change': True}
2026-09-20 09:37:25,907 : INFO : EventManager : Event: ======'machine_var_mpf_version'====== Args={'value': 'Mission Pinball Framework v0.81.0.dev4', 'prev_value': None, 'change': True}
2026-09-20 09:37:25,907 : INFO : EventManager : Event: ======'machine_var_mpf_extended_version'====== Args={'value': 'Mission Pinball Framework v0.81.0.dev4, Config version:6, Show version: 6, BCP version:1.1', 'prev_value': None, 'change': True}
2026-09-20 09:37:25,908 : INFO : EventManager : Event: ======'machine_var_python_version'====== Args={'value': '3.14.7', 'prev_value': None, 'change': True}
2026-09-20 09:37:25,937 : INFO : EventManager : Event: ======'machine_var_platform'====== Args={'value': 'Windows-11-10.0.26200-SP0', 'prev_value': None, 'change': True}
2026-09-20 09:37:25,937 : INFO : EventManager : Event: ======'machine_var_platform_system'====== Args={'value': 'Windows', 'prev_value': None, 'change': True}
2026-09-20 09:37:25,937 : INFO : EventManager : Event: ======'machine_var_platform_release'====== Args={'value': '11', 'prev_value': None, 'change': True}
2026-09-20 09:37:25,937 : INFO : EventManager : Event: ======'machine_var_platform_version'====== Args={'value': '10.0.26200', 'prev_value': None, 'change': True}
2026-09-20 09:37:25,937 : INFO : EventManager : Event: ======'machine_var_platform_machine'====== Args={'value': 'AMD64', 'prev_value': None, 'change': True}
2026-09-20 09:37:25,937 : INFO : EventManager : Event: ======'machine_var_log_file_path'====== Args={'value': 'C:\\Users\\GamingPC\\Documents\\Home-Alone-Pinball\\logs\\2026-09-20-09-37-25-mpf-DESKTOP-IJ3523D.log', 'prev_value': None, 'change': True}
2026-09-20 09:37:25,937 : INFO : EventManager : Event: ======'init_phase_1'====== Args={}
2026-09-20 09:37:25,942 : INFO : EventManager : Event: ======'init_phase_2'====== Args={}
2026-09-20 09:37:25,944 : INFO : EventManager : Event: ======'init_phase_3'====== Args={}
2026-09-20 09:37:25,944 : INFO : EventManager : Event: ======'init_phase_4'====== Args={}
2026-09-20 09:37:25,944 : INFO : EventManager : Event: ======'machine_var_audits_events_game_started'====== Args={'value': 0, 'prev_value': None, 'change': True}
2026-09-20 09:37:25,944 : INFO : EventManager : Event: ======'machine_var_audits_events_game_ended'====== Args={'value': 0, 'prev_value': None, 'change': True}
2026-09-20 09:37:25,944 : INFO : EventManager : Event: ======'machine_var_audits_player_score'====== Args={'value': {'top': [], 'average': 0, 'total': 0}, 'prev_value': None, 'change': True}
2026-09-20 09:37:25,945 : INFO : EventManager : Event: ======'init_phase_5'====== Args={}
2026-09-20 09:37:25,945 : INFO : EventManager : Event: ======'init_done'====== Args={}
2026-09-20 09:37:25,945 : INFO : EventManager : Event: ======'machine_reset_phase_1'====== Args={}
2026-09-20 09:37:25,945 : INFO : EventManager : Event: ======'machine_reset_phase_2'====== Args={}
2026-09-20 09:37:25,945 : INFO : EventManager : Event: ======'machine_reset_phase_3'====== Args={}
2026-09-20 09:37:25,945 : INFO : EventManager : Event: ======'reset_complete'====== Args={}
2026-09-20 09:37:25,945 : INFO : EventManager : Event: ======'mode_attract_will_start'====== Args={}
2026-09-20 09:37:25,945 : INFO : EventManager : Event: ======'mode_attract_starting'====== Args={}
2026-09-20 09:37:25,945 : INFO : EventManager : Event: ======'modes_active_modes_changed'====== Args={}
2026-09-20 09:37:25,945 : INFO : EventManager : Event: ======'mode_attract_started'====== Args={}
2026-09-20 09:37:25,945 : INFO : EventManager : Event: ======'collecting_balls_complete'====== Args={}
2026-09-20 09:37:38,871 : ERROR : Machine : SIGINT received
2026-09-20 09:37:38,872 : INFO : Machine : Shutting down...
2026-09-20 09:37:38,872 : INFO : EventManager : Event: ======'shutdown'====== Args={}
2026-09-20 09:37:38,873 : INFO : root : MPF run loop ended.
